Connecting to host iperf3-server, port 5201
[  5] local 10.244.0.12 port 52596 connected to 10.104.10.254 port 5201
[  7] local 10.244.0.12 port 52608 connected to 10.104.10.254 port 5201
[  9] local 10.244.0.12 port 52618 connected to 10.104.10.254 port 5201
[ 11] local 10.244.0.12 port 52626 connected to 10.104.10.254 port 5201
[ ID] Interval           Transfer     Bitrate         Retr  Cwnd
[  5]   0.00-1.00   sec   630 MBytes  5.29 Gbits/sec    0    475 KBytes
[  7]   0.00-1.00   sec   968 MBytes  8.12 Gbits/sec    0    699 KBytes
[  9]   0.00-1.00   sec   726 MBytes  6.09 Gbits/sec    0    576 KBytes
[ 11]   0.00-1.00   sec   618 MBytes  5.18 Gbits/sec    0    519 KBytes
[SUM]   0.00-1.00   sec  2.87 GBytes  24.7 Gbits/sec    0
- - - - - - - - - - - - - - - - - - - - - - - - -
[  5]   1.00-2.00   sec   668 MBytes  5.60 Gbits/sec    0    467 KBytes
[  7]   1.00-2.00   sec  1010 MBytes  8.47 Gbits/sec    0    855 KBytes
[  9]   1.00-2.00   sec   802 MBytes  6.73 Gbits/sec    0    601 KBytes
[ 11]   1.00-2.00   sec   672 MBytes  5.64 Gbits/sec    0    527 KBytes
[SUM]   1.00-2.00   sec  3.08 GBytes  26.4 Gbits/sec    0
- - - - - - - - - - - - - - - - - - - - - - - - -
[  5]   2.00-3.00   sec   642 MBytes  5.39 Gbits/sec    0    538 KBytes
[  7]   2.00-3.00   sec  1.01 GBytes  8.71 Gbits/sec    0    907 KBytes
[  9]   2.00-3.00   sec   742 MBytes  6.23 Gbits/sec    0    601 KBytes
[ 11]   2.00-3.00   sec   622 MBytes  5.22 Gbits/sec    0    511 KBytes
[SUM]   2.00-3.00   sec  2.97 GBytes  25.5 Gbits/sec    0
- - - - - - - - - - - - - - - - - - - - - - - - -
[  5]   3.00-4.00   sec   631 MBytes  5.30 Gbits/sec    0    483 KBytes
[  7]   3.00-4.00   sec  1.02 GBytes  8.77 Gbits/sec    0    745 KBytes
[  9]   3.00-4.00   sec   732 MBytes  6.14 Gbits/sec    0    546 KBytes
[ 11]   3.00-4.00   sec   622 MBytes  5.22 Gbits/sec    0    541 KBytes
[SUM]   3.00-4.00   sec  2.96 GBytes  25.4 Gbits/sec    0
- - - - - - - - - - - - - - - - - - - - - - - - -
[  5]   4.00-5.00   sec   694 MBytes  5.82 Gbits/sec    0    464 KBytes
[  7]   4.00-5.00   sec  1.09 GBytes  9.36 Gbits/sec    0    775 KBytes
[  9]   4.00-5.00   sec   846 MBytes  7.10 Gbits/sec    0    582 KBytes
[ 11]   4.00-5.00   sec   682 MBytes  5.72 Gbits/sec    0    470 KBytes
[SUM]   4.00-5.00   sec  3.26 GBytes  28.0 Gbits/sec    0
- - - - - - - - - - - - - - - - - - - - - - - - -
[  5]   5.00-6.00   sec   638 MBytes  5.35 Gbits/sec    0    472 KBytes
[  7]   5.00-6.00   sec   954 MBytes  8.00 Gbits/sec    0    694 KBytes
[  9]   5.00-6.00   sec   786 MBytes  6.60 Gbits/sec    0    601 KBytes
[ 11]   5.00-6.00   sec   644 MBytes  5.40 Gbits/sec    0    470 KBytes
[SUM]   5.00-6.00   sec  2.95 GBytes  25.4 Gbits/sec    0
- - - - - - - - - - - - - - - - - - - - - - - - -
[  5]   6.00-7.00   sec   623 MBytes  5.23 Gbits/sec    0    470 KBytes
[  7]   6.00-7.00   sec   951 MBytes  7.98 Gbits/sec    0    655 KBytes
[  9]   6.00-7.00   sec   740 MBytes  6.21 Gbits/sec    0    557 KBytes
[ 11]   6.00-7.00   sec   621 MBytes  5.21 Gbits/sec    0    451 KBytes
[SUM]   6.00-7.00   sec  2.87 GBytes  24.6 Gbits/sec    0
- - - - - - - - - - - - - - - - - - - - - - - - -
[  5]   7.00-8.00   sec   672 MBytes  5.64 Gbits/sec    0    467 KBytes
[  7]   7.00-8.00   sec  1.03 GBytes  8.82 Gbits/sec    0    871 KBytes
[  9]   7.00-8.00   sec   762 MBytes  6.40 Gbits/sec    0    522 KBytes
[ 11]   7.00-8.00   sec   642 MBytes  5.39 Gbits/sec    0    475 KBytes
[SUM]   7.00-8.00   sec  3.05 GBytes  26.2 Gbits/sec    0
- - - - - - - - - - - - - - - - - - - - - - - - -
[  5]   8.00-9.00   sec   743 MBytes  6.23 Gbits/sec    0    461 KBytes
[  7]   8.00-9.00   sec  1.02 GBytes  8.73 Gbits/sec    0    489 KBytes
[  9]   8.00-9.00   sec   849 MBytes  7.12 Gbits/sec    0    475 KBytes
[ 11]   8.00-9.00   sec   711 MBytes  5.97 Gbits/sec    0    519 KBytes
[SUM]   8.00-9.00   sec  3.26 GBytes  28.0 Gbits/sec    0
- - - - - - - - - - - - - - - - - - - - - - - - -
[  5]   9.00-10.00  sec   886 MBytes  7.43 Gbits/sec    0    557 KBytes
[  7]   9.00-10.00  sec   955 MBytes  8.01 Gbits/sec    0    519 KBytes
[  9]   9.00-10.00  sec   931 MBytes  7.81 Gbits/sec    0    590 KBytes
[ 11]   9.00-10.00  sec   830 MBytes  6.96 Gbits/sec    0    571 KBytes
[SUM]   9.00-10.00  sec  3.52 GBytes  30.2 Gbits/sec    0
- - - - - - - - - - - - - - - - - - - - - - - - -
[  5]  10.00-11.00  sec   884 MBytes  7.41 Gbits/sec    0    470 KBytes
[  7]  10.00-11.00  sec   971 MBytes  8.15 Gbits/sec    0    554 KBytes
[  9]  10.00-11.00  sec   936 MBytes  7.85 Gbits/sec    0    543 KBytes
[ 11]  10.00-11.00  sec   774 MBytes  6.49 Gbits/sec    0    508 KBytes
[SUM]  10.00-11.00  sec  3.48 GBytes  29.9 Gbits/sec    0
- - - - - - - - - - - - - - - - - - - - - - - - -
[  5]  11.00-12.00  sec   875 MBytes  7.34 Gbits/sec    0    478 KBytes
[  7]  11.00-12.00  sec   956 MBytes  8.02 Gbits/sec    0    532 KBytes
[  9]  11.00-12.00  sec   935 MBytes  7.84 Gbits/sec    0    552 KBytes
[ 11]  11.00-12.00  sec   830 MBytes  6.96 Gbits/sec    0    541 KBytes
[SUM]  11.00-12.00  sec  3.51 GBytes  30.2 Gbits/sec    0
- - - - - - - - - - - - - - - - - - - - - - - - -
[  5]  12.00-13.00  sec   848 MBytes  7.11 Gbits/sec    0    478 KBytes
[  7]  12.00-13.00  sec   915 MBytes  7.68 Gbits/sec    0    549 KBytes
[  9]  12.00-13.00  sec   919 MBytes  7.71 Gbits/sec    0    606 KBytes
[ 11]  12.00-13.00  sec   822 MBytes  6.90 Gbits/sec    0    486 KBytes
[SUM]  12.00-13.00  sec  3.42 GBytes  29.4 Gbits/sec    0
- - - - - - - - - - - - - - - - - - - - - - - - -
[  5]  13.00-14.00  sec   795 MBytes  6.67 Gbits/sec    0    442 KBytes
[  7]  13.00-14.00  sec   848 MBytes  7.11 Gbits/sec    0    475 KBytes
[  9]  13.00-14.00  sec   850 MBytes  7.13 Gbits/sec    0    467 KBytes
[ 11]  13.00-14.00  sec   805 MBytes  6.75 Gbits/sec    0    557 KBytes
[SUM]  13.00-14.00  sec  3.22 GBytes  27.7 Gbits/sec    0
- - - - - - - - - - - - - - - - - - - - - - - - -
[  5]  14.00-15.00  sec   745 MBytes  6.25 Gbits/sec    0    535 KBytes
[  7]  14.00-15.00  sec   782 MBytes  6.56 Gbits/sec    0    538 KBytes
[  9]  14.00-15.00  sec   780 MBytes  6.54 Gbits/sec    0    519 KBytes
[ 11]  14.00-15.00  sec   745 MBytes  6.25 Gbits/sec    0    475 KBytes
[SUM]  14.00-15.00  sec  2.98 GBytes  25.6 Gbits/sec    0
- - - - - - - - - - - - - - - - - - - - - - - - -
[  5]  15.00-16.00  sec   861 MBytes  7.23 Gbits/sec    0    470 KBytes
[  7]  15.00-16.00  sec   935 MBytes  7.84 Gbits/sec    0    489 KBytes
[  9]  15.00-16.00  sec   910 MBytes  7.63 Gbits/sec    0    603 KBytes
[ 11]  15.00-16.00  sec   799 MBytes  6.70 Gbits/sec    0    522 KBytes
[SUM]  15.00-16.00  sec  3.42 GBytes  29.4 Gbits/sec    0
- - - - - - - - - - - - - - - - - - - - - - - - -
[  5]  16.00-17.00  sec   836 MBytes  7.01 Gbits/sec    0    497 KBytes
[  7]  16.00-17.00  sec   910 MBytes  7.63 Gbits/sec    0    541 KBytes
[  9]  16.00-17.00  sec   900 MBytes  7.55 Gbits/sec    0    614 KBytes
[ 11]  16.00-17.00  sec   848 MBytes  7.11 Gbits/sec    0    538 KBytes
[SUM]  16.00-17.00  sec  3.41 GBytes  29.3 Gbits/sec    0
- - - - - - - - - - - - - - - - - - - - - - - - -
[  5]  17.00-18.00  sec   784 MBytes  6.58 Gbits/sec    0    464 KBytes
[  7]  17.00-18.00  sec   836 MBytes  7.02 Gbits/sec    0    494 KBytes
[  9]  17.00-18.00  sec   834 MBytes  7.00 Gbits/sec    0    562 KBytes
[ 11]  17.00-18.00  sec   790 MBytes  6.63 Gbits/sec    0    614 KBytes
[SUM]  17.00-18.00  sec  3.17 GBytes  27.2 Gbits/sec    0
- - - - - - - - - - - - - - - - - - - - - - - - -
[  5]  18.00-19.00  sec   702 MBytes  5.89 Gbits/sec    0    467 KBytes
[  7]  18.00-19.00  sec   765 MBytes  6.42 Gbits/sec    0    486 KBytes
[  9]  18.00-19.00  sec   852 MBytes  7.15 Gbits/sec    0    522 KBytes
[ 11]  18.00-19.00  sec   708 MBytes  5.94 Gbits/sec    0    519 KBytes
[SUM]  18.00-19.00  sec  2.96 GBytes  25.4 Gbits/sec    0
- - - - - - - - - - - - - - - - - - - - - - - - -
[  5]  19.00-20.00  sec   856 MBytes  7.18 Gbits/sec    0    475 KBytes
[  7]  19.00-20.00  sec   872 MBytes  7.32 Gbits/sec    0    478 KBytes
[  9]  19.00-20.00  sec   896 MBytes  7.52 Gbits/sec    0    584 KBytes
[ 11]  19.00-20.00  sec   878 MBytes  7.36 Gbits/sec    0    560 KBytes
[SUM]  19.00-20.00  sec  3.42 GBytes  29.4 Gbits/sec    0
- - - - - - - - - - - - - - - - - - - - - - - - -
[  5]  20.00-21.00  sec   914 MBytes  7.66 Gbits/sec    0    470 KBytes
[  7]  20.00-21.00  sec   879 MBytes  7.37 Gbits/sec    0    516 KBytes
[  9]  20.00-21.00  sec   891 MBytes  7.48 Gbits/sec    0    527 KBytes
[ 11]  20.00-21.00  sec   905 MBytes  7.59 Gbits/sec    0    530 KBytes
[SUM]  20.00-21.00  sec  3.50 GBytes  30.1 Gbits/sec    0
- - - - - - - - - - - - - - - - - - - - - - - - -
[  5]  21.00-22.00  sec   615 MBytes  5.16 Gbits/sec    0    483 KBytes
[  7]  21.00-22.00  sec   606 MBytes  5.09 Gbits/sec    0    475 KBytes
[  9]  21.00-22.00  sec   605 MBytes  5.08 Gbits/sec    0    456 KBytes
[ 11]  21.00-22.00  sec   614 MBytes  5.15 Gbits/sec    0    475 KBytes
[SUM]  21.00-22.00  sec  2.38 GBytes  20.5 Gbits/sec    0
- - - - - - - - - - - - - - - - - - - - - - - - -
[  5]  22.00-23.00  sec   779 MBytes  6.53 Gbits/sec    0    451 KBytes
[  7]  22.00-23.00  sec   682 MBytes  5.72 Gbits/sec    0    464 KBytes
[  9]  22.00-23.00  sec   754 MBytes  6.32 Gbits/sec    0    434 KBytes
[ 11]  22.00-23.00  sec   771 MBytes  6.47 Gbits/sec    0    511 KBytes
[SUM]  22.00-23.00  sec  2.92 GBytes  25.0 Gbits/sec    0
- - - - - - - - - - - - - - - - - - - - - - - - -
[  5]  23.00-24.00  sec   768 MBytes  6.44 Gbits/sec    0    516 KBytes
[  7]  23.00-24.00  sec   698 MBytes  5.85 Gbits/sec    0    582 KBytes
[  9]  23.00-24.00  sec   705 MBytes  5.91 Gbits/sec    0    552 KBytes
[ 11]  23.00-24.00  sec   749 MBytes  6.28 Gbits/sec    0    535 KBytes
[SUM]  23.00-24.00  sec  2.85 GBytes  24.5 Gbits/sec    0
- - - - - - - - - - - - - - - - - - - - - - - - -
[  5]  24.00-25.00  sec   874 MBytes  7.33 Gbits/sec    0    491 KBytes
[  7]  24.00-25.00  sec   904 MBytes  7.58 Gbits/sec    0    535 KBytes
[  9]  24.00-25.00  sec   879 MBytes  7.37 Gbits/sec    0    532 KBytes
[ 11]  24.00-25.00  sec   874 MBytes  7.33 Gbits/sec    0    532 KBytes
[SUM]  24.00-25.00  sec  3.45 GBytes  29.6 Gbits/sec    0
- - - - - - - - - - - - - - - - - - - - - - - - -
[  5]  25.00-26.00  sec   878 MBytes  7.36 Gbits/sec    0    461 KBytes
[  7]  25.00-26.00  sec   891 MBytes  7.48 Gbits/sec    0    420 KBytes
[  9]  25.00-26.00  sec   896 MBytes  7.52 Gbits/sec    0    423 KBytes
[ 11]  25.00-26.00  sec   862 MBytes  7.23 Gbits/sec    0    489 KBytes
[SUM]  25.00-26.00  sec  3.44 GBytes  29.6 Gbits/sec    0
- - - - - - - - - - - - - - - - - - - - - - - - -
[  5]  26.00-27.00  sec   646 MBytes  5.42 Gbits/sec    0    467 KBytes
[  7]  26.00-27.00  sec   606 MBytes  5.09 Gbits/sec    0    516 KBytes
[  9]  26.00-27.00  sec   612 MBytes  5.14 Gbits/sec    0    527 KBytes
[ 11]  26.00-27.00  sec   602 MBytes  5.05 Gbits/sec    0    448 KBytes
[SUM]  26.00-27.00  sec  2.41 GBytes  20.7 Gbits/sec    0
- - - - - - - - - - - - - - - - - - - - - - - - -
[  5]  27.00-28.00  sec   845 MBytes  7.09 Gbits/sec    0    475 KBytes
[  7]  27.00-28.00  sec   875 MBytes  7.34 Gbits/sec    0    513 KBytes
[  9]  27.00-28.00  sec   884 MBytes  7.41 Gbits/sec    0    519 KBytes
[ 11]  27.00-28.00  sec   869 MBytes  7.29 Gbits/sec    0    593 KBytes
[SUM]  27.00-28.00  sec  3.39 GBytes  29.1 Gbits/sec    0
- - - - - - - - - - - - - - - - - - - - - - - - -
[  5]  28.00-29.00  sec   759 MBytes  6.36 Gbits/sec    0   5.46 KBytes
[  7]  28.00-29.00  sec   769 MBytes  6.45 Gbits/sec    0   5.46 KBytes
[  9]  28.00-29.00  sec   948 MBytes  7.95 Gbits/sec    0   5.46 KBytes
[ 11]  28.00-29.00  sec   750 MBytes  6.29 Gbits/sec    0   5.46 KBytes
[SUM]  28.00-29.00  sec  3.15 GBytes  27.1 Gbits/sec    0
- - - - - - - - - - - - - - - - - - - - - - - - -
[  5]  29.00-30.00  sec   846 MBytes  7.10 Gbits/sec    0    470 KBytes
[  7]  29.00-30.00  sec   870 MBytes  7.30 Gbits/sec    0    437 KBytes
[  9]  29.00-30.00  sec   775 MBytes  6.50 Gbits/sec    0    527 KBytes
[ 11]  29.00-30.00  sec   796 MBytes  6.68 Gbits/sec    0    516 KBytes
[SUM]  29.00-30.00  sec  3.21 GBytes  27.6 Gbits/sec    0
- - - - - - - - - - - - - - - - - - - - - - - - -
[  5]  30.00-31.00  sec   541 MBytes  4.54 Gbits/sec    0    415 KBytes
[  7]  30.00-31.00  sec   522 MBytes  4.38 Gbits/sec    0    426 KBytes
[  9]  30.00-31.00  sec   516 MBytes  4.33 Gbits/sec    0    418 KBytes
[ 11]  30.00-31.00  sec   501 MBytes  4.20 Gbits/sec    0    451 KBytes
[SUM]  30.00-31.00  sec  2.03 GBytes  17.5 Gbits/sec    0
- - - - - - - - - - - - - - - - - - - - - - - - -
[  5]  31.00-32.00  sec   856 MBytes  7.18 Gbits/sec    0    470 KBytes
[  7]  31.00-32.00  sec   861 MBytes  7.23 Gbits/sec    0    483 KBytes
[  9]  31.00-32.00  sec   875 MBytes  7.34 Gbits/sec    0    519 KBytes
[ 11]  31.00-32.00  sec   792 MBytes  6.65 Gbits/sec    0    513 KBytes
[SUM]  31.00-32.00  sec  3.31 GBytes  28.4 Gbits/sec    0
- - - - - - - - - - - - - - - - - - - - - - - - -
[  5]  32.00-33.00  sec   894 MBytes  7.50 Gbits/sec    0    497 KBytes
[  7]  32.00-33.00  sec   905 MBytes  7.59 Gbits/sec    0    560 KBytes
[  9]  32.00-33.00  sec   914 MBytes  7.67 Gbits/sec    0    519 KBytes
[ 11]  32.00-33.00  sec   809 MBytes  6.78 Gbits/sec    0    543 KBytes
[SUM]  32.00-33.00  sec  3.44 GBytes  29.5 Gbits/sec    0
- - - - - - - - - - - - - - - - - - - - - - - - -
[  5]  33.00-34.00  sec   875 MBytes  7.34 Gbits/sec    0    426 KBytes
[  7]  33.00-34.00  sec   896 MBytes  7.52 Gbits/sec    0    472 KBytes
[  9]  33.00-34.00  sec   900 MBytes  7.55 Gbits/sec    0    437 KBytes
[ 11]  33.00-34.00  sec   824 MBytes  6.91 Gbits/sec    0    412 KBytes
[SUM]  33.00-34.00  sec  3.41 GBytes  29.3 Gbits/sec    0
- - - - - - - - - - - - - - - - - - - - - - - - -
[  5]  34.00-35.00  sec   590 MBytes  4.95 Gbits/sec    0    478 KBytes
[  7]  34.00-35.00  sec   585 MBytes  4.91 Gbits/sec    0    429 KBytes
[  9]  34.00-35.00  sec   592 MBytes  4.97 Gbits/sec    0    390 KBytes
[ 11]  34.00-35.00  sec   549 MBytes  4.60 Gbits/sec    0    464 KBytes
[SUM]  34.00-35.00  sec  2.26 GBytes  19.4 Gbits/sec    0
- - - - - - - - - - - - - - - - - - - - - - - - -
[  5]  35.00-36.00  sec   689 MBytes  5.78 Gbits/sec    0    494 KBytes
[  7]  35.00-36.00  sec   649 MBytes  5.44 Gbits/sec    0    532 KBytes
[  9]  35.00-36.00  sec   660 MBytes  5.54 Gbits/sec    0    552 KBytes
[ 11]  35.00-36.00  sec   649 MBytes  5.44 Gbits/sec    0    497 KBytes
[SUM]  35.00-36.00  sec  2.58 GBytes  22.2 Gbits/sec    0
- - - - - - - - - - - - - - - - - - - - - - - - -
[  5]  36.00-37.00  sec   716 MBytes  6.01 Gbits/sec    0    598 KBytes
[  7]  36.00-37.00  sec   685 MBytes  5.74 Gbits/sec    0    500 KBytes
[  9]  36.00-37.00  sec   711 MBytes  5.97 Gbits/sec    0    552 KBytes
[ 11]  36.00-37.00  sec   662 MBytes  5.56 Gbits/sec    0    467 KBytes
[SUM]  36.00-37.00  sec  2.71 GBytes  23.3 Gbits/sec    0
- - - - - - - - - - - - - - - - - - - - - - - - -
[  5]  37.00-38.00  sec   744 MBytes  6.24 Gbits/sec    0    486 KBytes
[  7]  37.00-38.00  sec   734 MBytes  6.15 Gbits/sec    0    494 KBytes
[  9]  37.00-38.00  sec   789 MBytes  6.62 Gbits/sec    0    500 KBytes
[ 11]  37.00-38.00  sec   648 MBytes  5.43 Gbits/sec    0    412 KBytes
[SUM]  37.00-38.00  sec  2.85 GBytes  24.4 Gbits/sec    0
- - - - - - - - - - - - - - - - - - - - - - - - -
[  5]  38.00-39.00  sec   898 MBytes  7.53 Gbits/sec    0    464 KBytes
[  7]  38.00-39.00  sec   886 MBytes  7.44 Gbits/sec    0    470 KBytes
[  9]  38.00-39.00  sec   912 MBytes  7.66 Gbits/sec    0    522 KBytes
[ 11]  38.00-39.00  sec   794 MBytes  6.66 Gbits/sec    0    513 KBytes
[SUM]  38.00-39.00  sec  3.41 GBytes  29.3 Gbits/sec    0
- - - - - - - - - - - - - - - - - - - - - - - - -
[  5]  39.00-40.00  sec   708 MBytes  5.93 Gbits/sec    0    470 KBytes
[  7]  39.00-40.00  sec   750 MBytes  6.29 Gbits/sec    0    554 KBytes
[  9]  39.00-40.00  sec   799 MBytes  6.70 Gbits/sec    0    546 KBytes
[ 11]  39.00-40.00  sec   699 MBytes  5.86 Gbits/sec    0    524 KBytes
[SUM]  39.00-40.00  sec  2.89 GBytes  24.8 Gbits/sec    0
- - - - - - - - - - - - - - - - - - - - - - - - -
[  5]  40.00-41.00  sec   850 MBytes  7.13 Gbits/sec    0    478 KBytes
[  7]  40.00-41.00  sec   905 MBytes  7.59 Gbits/sec    0    494 KBytes
[  9]  40.00-41.00  sec   882 MBytes  7.41 Gbits/sec    0    505 KBytes
[ 11]  40.00-41.00  sec   846 MBytes  7.10 Gbits/sec    0    587 KBytes
[SUM]  40.00-41.00  sec  3.40 GBytes  29.2 Gbits/sec    0
- - - - - - - - - - - - - - - - - - - - - - - - -
[  5]  41.00-42.00  sec   869 MBytes  7.29 Gbits/sec    0    513 KBytes
[  7]  41.00-42.00  sec   909 MBytes  7.62 Gbits/sec    0    464 KBytes
[  9]  41.00-42.00  sec   892 MBytes  7.49 Gbits/sec    0    478 KBytes
[ 11]  41.00-42.00  sec   841 MBytes  7.06 Gbits/sec    0    489 KBytes
[SUM]  41.00-42.00  sec  3.43 GBytes  29.5 Gbits/sec    0
- - - - - - - - - - - - - - - - - - - - - - - - -
[  5]  42.00-43.00  sec   845 MBytes  7.09 Gbits/sec    0    481 KBytes
[  7]  42.00-43.00  sec   864 MBytes  7.25 Gbits/sec    0    532 KBytes
[  9]  42.00-43.00  sec   840 MBytes  7.05 Gbits/sec    0    532 KBytes
[ 11]  42.00-43.00  sec   792 MBytes  6.65 Gbits/sec    0    530 KBytes
[SUM]  42.00-43.00  sec  3.26 GBytes  28.0 Gbits/sec    0
- - - - - - - - - - - - - - - - - - - - - - - - -
[  5]  43.00-44.00  sec   818 MBytes  6.86 Gbits/sec    0    532 KBytes
[  7]  43.00-44.00  sec   859 MBytes  7.20 Gbits/sec    0    489 KBytes
[  9]  43.00-44.00  sec   841 MBytes  7.06 Gbits/sec    0    505 KBytes
[ 11]  43.00-44.00  sec   819 MBytes  6.87 Gbits/sec    0    500 KBytes
[SUM]  43.00-44.00  sec  3.26 GBytes  28.0 Gbits/sec    0
- - - - - - - - - - - - - - - - - - - - - - - - -
[  5]  44.00-45.00  sec   744 MBytes  6.24 Gbits/sec    0    491 KBytes
[  7]  44.00-45.00  sec   766 MBytes  6.43 Gbits/sec    0    532 KBytes
[  9]  44.00-45.00  sec   740 MBytes  6.21 Gbits/sec    0    519 KBytes
[ 11]  44.00-45.00  sec   746 MBytes  6.26 Gbits/sec    0    511 KBytes
[SUM]  44.00-45.00  sec  2.93 GBytes  25.1 Gbits/sec    0
- - - - - - - - - - - - - - - - - - - - - - - - -
[  5]  45.00-46.00  sec   749 MBytes  6.28 Gbits/sec    0    453 KBytes
[  7]  45.00-46.00  sec   760 MBytes  6.38 Gbits/sec    0    502 KBytes
[  9]  45.00-46.00  sec   749 MBytes  6.28 Gbits/sec    0    464 KBytes
[ 11]  45.00-46.00  sec   752 MBytes  6.31 Gbits/sec    0    467 KBytes
[SUM]  45.00-46.00  sec  2.94 GBytes  25.2 Gbits/sec    0
- - - - - - - - - - - - - - - - - - - - - - - - -
[  5]  46.00-47.00  sec   755 MBytes  6.33 Gbits/sec    0    453 KBytes
[  7]  46.00-47.00  sec   779 MBytes  6.53 Gbits/sec    0    467 KBytes
[  9]  46.00-47.00  sec   745 MBytes  6.25 Gbits/sec    0    516 KBytes
[ 11]  46.00-47.00  sec   750 MBytes  6.29 Gbits/sec    0    527 KBytes
[SUM]  46.00-47.00  sec  2.96 GBytes  25.4 Gbits/sec    0
- - - - - - - - - - - - - - - - - - - - - - - - -
[  5]  47.00-48.00  sec   742 MBytes  6.23 Gbits/sec    0    516 KBytes
[  7]  47.00-48.00  sec   759 MBytes  6.37 Gbits/sec    0    472 KBytes
[  9]  47.00-48.00  sec   750 MBytes  6.29 Gbits/sec    0    456 KBytes
[ 11]  47.00-48.00  sec   754 MBytes  6.32 Gbits/sec    0    513 KBytes
[SUM]  47.00-48.00  sec  2.93 GBytes  25.2 Gbits/sec    0
- - - - - - - - - - - - - - - - - - - - - - - - -
[  5]  48.00-49.00  sec   755 MBytes  6.33 Gbits/sec    0    489 KBytes
[  7]  48.00-49.00  sec   772 MBytes  6.48 Gbits/sec    0    464 KBytes
[  9]  48.00-49.00  sec   756 MBytes  6.34 Gbits/sec    0    557 KBytes
[ 11]  48.00-49.00  sec   766 MBytes  6.43 Gbits/sec    0    508 KBytes
[SUM]  48.00-49.00  sec  2.98 GBytes  25.6 Gbits/sec    0
- - - - - - - - - - - - - - - - - - - - - - - - -
[  5]  49.00-50.00  sec   629 MBytes  5.27 Gbits/sec    0    472 KBytes
[  7]  49.00-50.00  sec   631 MBytes  5.29 Gbits/sec    0    519 KBytes
[  9]  49.00-50.00  sec   695 MBytes  5.83 Gbits/sec    0    530 KBytes
[ 11]  49.00-50.00  sec   639 MBytes  5.36 Gbits/sec    0    470 KBytes
[SUM]  49.00-50.00  sec  2.53 GBytes  21.8 Gbits/sec    0
- - - - - - - - - - - - - - - - - - - - - - - - -
[  5]  50.00-51.00  sec   738 MBytes  6.19 Gbits/sec    0    508 KBytes
[  7]  50.00-51.00  sec   746 MBytes  6.26 Gbits/sec    0    522 KBytes
[  9]  50.00-51.00  sec   749 MBytes  6.28 Gbits/sec    0    516 KBytes
[ 11]  50.00-51.00  sec   771 MBytes  6.47 Gbits/sec    0    582 KBytes
[SUM]  50.00-51.00  sec  2.93 GBytes  25.2 Gbits/sec    0
- - - - - - - - - - - - - - - - - - - - - - - - -
[  5]  51.00-52.00  sec   738 MBytes  6.19 Gbits/sec    0    489 KBytes
[  7]  51.00-52.00  sec   746 MBytes  6.26 Gbits/sec    0    486 KBytes
[  9]  51.00-52.00  sec   761 MBytes  6.39 Gbits/sec    0    522 KBytes
[ 11]  51.00-52.00  sec   796 MBytes  6.68 Gbits/sec    0    568 KBytes
[SUM]  51.00-52.00  sec  2.97 GBytes  25.5 Gbits/sec    0
- - - - - - - - - - - - - - - - - - - - - - - - -
[  5]  52.00-53.00  sec   749 MBytes  6.28 Gbits/sec    0    431 KBytes
[  7]  52.00-53.00  sec   754 MBytes  6.32 Gbits/sec    0    456 KBytes
[  9]  52.00-53.00  sec   760 MBytes  6.38 Gbits/sec    0    440 KBytes
[ 11]  52.00-53.00  sec   765 MBytes  6.42 Gbits/sec    0    513 KBytes
[SUM]  52.00-53.00  sec  2.96 GBytes  25.4 Gbits/sec    0
- - - - - - - - - - - - - - - - - - - - - - - - -
[  5]  53.00-54.00  sec   752 MBytes  6.31 Gbits/sec    0    467 KBytes
[  7]  53.00-54.00  sec   774 MBytes  6.49 Gbits/sec    0    470 KBytes
[  9]  53.00-54.00  sec   794 MBytes  6.66 Gbits/sec    0    530 KBytes
[ 11]  53.00-54.00  sec   789 MBytes  6.62 Gbits/sec    0    516 KBytes
[SUM]  53.00-54.00  sec  3.04 GBytes  26.1 Gbits/sec    0
- - - - - - - - - - - - - - - - - - - - - - - - -
[  5]  54.00-55.00  sec   885 MBytes  7.42 Gbits/sec    0    472 KBytes
[  7]  54.00-55.00  sec   882 MBytes  7.40 Gbits/sec    0    535 KBytes
[  9]  54.00-55.00  sec   806 MBytes  6.76 Gbits/sec    0    491 KBytes
[ 11]  54.00-55.00  sec   886 MBytes  7.43 Gbits/sec    0    549 KBytes
[SUM]  54.00-55.00  sec  3.38 GBytes  29.0 Gbits/sec    0
- - - - - - - - - - - - - - - - - - - - - - - - -
[  5]  55.00-56.00  sec   888 MBytes  7.45 Gbits/sec    0    494 KBytes
[  7]  55.00-56.00  sec   915 MBytes  7.68 Gbits/sec    0    532 KBytes
[  9]  55.00-56.00  sec   814 MBytes  6.83 Gbits/sec    0    524 KBytes
[ 11]  55.00-56.00  sec   865 MBytes  7.26 Gbits/sec    0    472 KBytes
[SUM]  55.00-56.00  sec  3.40 GBytes  29.2 Gbits/sec    0
- - - - - - - - - - - - - - - - - - - - - - - - -
[  5]  56.00-57.00  sec   872 MBytes  7.32 Gbits/sec    0    508 KBytes
[  7]  56.00-57.00  sec   924 MBytes  7.75 Gbits/sec    0    511 KBytes
[  9]  56.00-57.00  sec   842 MBytes  7.07 Gbits/sec    0    508 KBytes
[ 11]  56.00-57.00  sec   866 MBytes  7.27 Gbits/sec    0    554 KBytes
[SUM]  56.00-57.00  sec  3.42 GBytes  29.4 Gbits/sec    0
- - - - - - - - - - - - - - - - - - - - - - - - -
[  5]  57.00-58.00  sec   878 MBytes  7.36 Gbits/sec    0    467 KBytes
[  7]  57.00-58.00  sec   929 MBytes  7.79 Gbits/sec    0    491 KBytes
[  9]  57.00-58.00  sec   849 MBytes  7.12 Gbits/sec    0    522 KBytes
[ 11]  57.00-58.00  sec   856 MBytes  7.18 Gbits/sec    0    541 KBytes
[SUM]  57.00-58.00  sec  3.43 GBytes  29.5 Gbits/sec    0
- - - - - - - - - - - - - - - - - - - - - - - - -
[  5]  58.00-59.00  sec   874 MBytes  7.33 Gbits/sec    0    516 KBytes
[  7]  58.00-59.00  sec   919 MBytes  7.71 Gbits/sec    0    535 KBytes
[  9]  58.00-59.00  sec   899 MBytes  7.54 Gbits/sec    0    530 KBytes
[ 11]  58.00-59.00  sec   875 MBytes  7.34 Gbits/sec    0    557 KBytes
[SUM]  58.00-59.00  sec  3.48 GBytes  29.9 Gbits/sec    0
- - - - - - - - - - - - - - - - - - - - - - - - -
[  5]  59.00-60.00  sec   695 MBytes  5.83 Gbits/sec    0    535 KBytes
[  7]  59.00-60.00  sec   710 MBytes  5.96 Gbits/sec    0    505 KBytes
[  9]  59.00-60.00  sec   755 MBytes  6.33 Gbits/sec    0    464 KBytes
[ 11]  59.00-60.00  sec   691 MBytes  5.80 Gbits/sec    0    513 KBytes
[SUM]  59.00-60.00  sec  2.78 GBytes  23.9 Gbits/sec    0
- - - - - - - - - - - - - - - - - - - - - - - - -
[ ID] Interval           Transfer     Bitrate         Retr
[  5]   0.00-60.00  sec  45.2 GBytes  6.47 Gbits/sec    0             sender
[  5]   0.00-60.00  sec  45.2 GBytes  6.47 Gbits/sec                  receiver
[  7]   0.00-60.00  sec  49.3 GBytes  7.06 Gbits/sec    0             sender
[  7]   0.00-60.00  sec  49.3 GBytes  7.06 Gbits/sec                  receiver
[  9]   0.00-60.00  sec  47.1 GBytes  6.75 Gbits/sec    0             sender
[  9]   0.00-60.00  sec  47.1 GBytes  6.75 Gbits/sec                  receiver
[ 11]   0.00-60.00  sec  44.2 GBytes  6.33 Gbits/sec    0             sender
[ 11]   0.00-60.00  sec  44.2 GBytes  6.33 Gbits/sec                  receiver
[SUM]   0.00-60.00  sec   186 GBytes  26.6 Gbits/sec    0             sender
[SUM]   0.00-60.00  sec   186 GBytes  26.6 Gbits/sec                  receiver

iperf Done.