sysbench 1.0.17 (using bundled LuaJIT 2.1.0-beta2)

Running the test with following options:
Number of threads: 4
Initializing random number generator from current time


Prime numbers limit: 10000

Initializing worker threads...

Threads started!

CPU speed:
    events per second:  9440.09

General statistics:
    total time:                          60.0004s
    total number of events:              566443

Latency (ms):
         min:                                    0.41
         avg:                                    0.42
         max:                                    1.63
         95th percentile:                        0.43
         sum:                               239798.56

Threads fairness:
    events (avg/stddev):           141610.7500/579.24
    execution time (avg/stddev):   59.9496/0.00

