sysbench 1.0.17 (using bundled LuaJIT 2.1.0-beta2)

Running the test with following options:
Number of threads: 4
Initializing random number generator from current time


Running memory speed test with the following options:
  block size: 1KiB
  total size: 102400MiB
  operation: write
  scope: global

Initializing worker threads...

Threads started!

Total operations: 104857600 (2087712.38 per second)

102400.00 MiB transferred (2038.78 MiB/sec)


General statistics:
    total time:                          50.2210s
    total number of events:              104857600

Latency (ms):
         min:                                    0.00
         avg:                                    0.00
         max:                                    0.50
         95th percentile:                        0.00
         sum:                               171851.78

Threads fairness:
    events (avg/stddev):           26214400.0000/0.00
    execution time (avg/stddev):   42.9629/0.56

