randrw: (g=0): rw=randrw, bs=(R) 4096B-4096B, (W) 4096B-4096B, (T) 4096B-4096B, ioengine=psync, iodepth=32
clock setaffinity failed: Invalid argument
clock setaffinity failed: Invalid argument
clock setaffinity failed: Invalid argument
clock setaffinity failed: Invalid argument
...
fio-3.6
Starting 4 processes
randrw: Laying out IO file (1 file / 1024MiB)
randrw: Laying out IO file (1 file / 1024MiB)
randrw: Laying out IO file (1 file / 1024MiB)
randrw: Laying out IO file (1 file / 1024MiB)

randrw: (groupid=0, jobs=4): err= 0: pid=52: Tue May 19 06:14:04 2026
   read: IOPS=686k, BW=2678MiB/s (2808MB/s)(157GiB/60001msec)
    clat (nsec): min=836, max=2450.3k, avg=2401.32, stdev=7189.23
     lat (nsec): min=867, max=2450.3k, avg=2434.14, stdev=7190.38
    clat percentiles (nsec):
     |  1.00th=[ 1256],  5.00th=[ 1320], 10.00th=[ 1352], 20.00th=[ 1416],
     | 30.00th=[ 1480], 40.00th=[ 1528], 50.00th=[ 1576], 60.00th=[ 1624],
     | 70.00th=[ 1688], 80.00th=[ 1768], 90.00th=[ 1944], 95.00th=[ 2288],
     | 99.00th=[47360], 99.50th=[65280], 99.90th=[74240], 99.95th=[76288],
     | 99.99th=[85504]
   bw (  KiB/s): min=52488, max=840496, per=24.96%, avg=684540.97, stdev=257516.63, samples=476
   iops        : min=13122, max=210124, avg=171135.22, stdev=64379.16, samples=476
  write: IOPS=686k, BW=2678MiB/s (2809MB/s)(157GiB/60001msec)
    clat (nsec): min=1711, max=13129k, avg=2837.46, stdev=2170.90
     lat (nsec): min=1749, max=13129k, avg=2879.01, stdev=2172.02
    clat percentiles (nsec):
     |  1.00th=[ 2288],  5.00th=[ 2352], 10.00th=[ 2416], 20.00th=[ 2480],
     | 30.00th=[ 2576], 40.00th=[ 2640], 50.00th=[ 2704], 60.00th=[ 2768],
     | 70.00th=[ 2864], 80.00th=[ 2992], 90.00th=[ 3280], 95.00th=[ 3760],
     | 99.00th=[ 5536], 99.50th=[ 6560], 99.90th=[ 9536], 99.95th=[10816],
     | 99.99th=[14656]
   bw (  KiB/s): min=51712, max=843032, per=24.96%, avg=684679.49, stdev=257487.85, samples=476
   iops        : min=12928, max=210760, avg=171169.86, stdev=64371.96, samples=476
  lat (nsec)   : 1000=0.01%
  lat (usec)   : 2=45.84%, 4=51.30%, 10=2.17%, 20=0.05%, 50=0.20%
  lat (usec)   : 100=0.44%, 250=0.01%, 500=0.01%, 750=0.01%, 1000=0.01%
  lat (msec)   : 2=0.01%, 4=0.01%, 20=0.01%
  cpu          : usr=17.09%, sys=71.21%, ctx=524221, majf=0, minf=143
  IO depths    : 1=100.0%, 2=0.0%, 4=0.0%, 8=0.0%, 16=0.0%, 32=0.0%, >=64=0.0%
     submit    : 0=0.0%, 4=100.0%, 8=0.0%, 16=0.0%, 32=0.0%, 64=0.0%, >=64=0.0%
     complete  : 0=0.0%, 4=100.0%, 8=0.0%, 16=0.0%, 32=0.0%, 64=0.0%, >=64=0.0%
     issued rwts: total=41132640,41141396,0,0 short=0,0,0,0 dropped=0,0,0,0
     latency   : target=0, window=0, percentile=100.00%, depth=32

Run status group 0 (all jobs):
   READ: bw=2678MiB/s (2808MB/s), 2678MiB/s-2678MiB/s (2808MB/s-2808MB/s), io=157GiB (168GB), run=60001-60001msec
  WRITE: bw=2678MiB/s (2809MB/s), 2678MiB/s-2678MiB/s (2809MB/s-2809MB/s), io=157GiB (169GB), run=60001-60001msec

Disk stats (read/write):
  nvme0n1: ios=523742/781318, merge=0/314, ticks=28110/322826, in_queue=351364, util=18.90%
