sysbench 1.0.17 (using bundled LuaJIT 2.1.0-beta2)

Running the test with following options:
Number of threads: 4
Initializing random number generator from current time


Prime numbers limit: 10000

Initializing worker threads...

Threads started!

CPU speed:
    events per second:  9444.80

General statistics:
    total time:                          60.0004s
    total number of events:              566734

Latency (ms):
         min:                                    0.41
         avg:                                    0.42
         max:                                    1.61
         95th percentile:                        0.42
         sum:                               239833.83

Threads fairness:
    events (avg/stddev):           141683.5000/1115.15
    execution time (avg/stddev):   59.9585/0.00

