runtime=kata
date_start=2026-05-19T07:43:33+00:00
nproc=16
cpu.max=max 100000
sysbench 1.0.17
sysbench 1.0.17 (using bundled LuaJIT 2.1.0-beta2)

Running the test with following options:
Number of threads: 1
Initializing random number generator from current time


Prime numbers limit: 200000

Initializing worker threads...

Threads started!

CPU speed:
    events per second:    38.10

General statistics:
    total time:                          600.0214s
    total number of events:              22860

Latency (ms):
         min:                                   26.05
         avg:                                   26.25
         max:                                   38.39
         95th percentile:                       26.68
         sum:                               599996.65

Threads fairness:
    events (avg/stddev):           22860.0000/0.00
    execution time (avg/stddev):   599.9967/0.00

date_end=2026-05-19T07:53:33+00:00
