runtime=runc
date_start=2026-05-19T07:28:02+00:00
nproc=16
cpu.max=max 100000
sysbench 1.0.17
sysbench 1.0.17 (using bundled LuaJIT 2.1.0-beta2)

Running the test with following options:
Number of threads: 1
Initializing random number generator from current time


Prime numbers limit: 200000

Initializing worker threads...

Threads started!

CPU speed:
    events per second:    38.36

General statistics:
    total time:                          600.0136s
    total number of events:              23014

Latency (ms):
         min:                                   25.95
         avg:                                   26.07
         max:                                   37.41
         95th percentile:                       26.20
         sum:                               600002.36

Threads fairness:
    events (avg/stddev):           23014.0000/0.00
    execution time (avg/stddev):   600.0024/0.00

date_end=2026-05-19T07:38:02+00:00
